
Packet number: 1  Packet Len: 86

	Ethernet Header
		Dest MAC: 34:c9:3d:d:55:9d
		Source MAC: a0:7f:8a:2f:ab:cf
		Type: IPv6

	IP Header
		IP PDU Len: 0
		Header Len (bytes): 0
		TTL: 254
		Protocol: Unknown
		Checksum: Incorrect (0x0000)
		Sender IP: 0.0.0.0
		Dest IP: 162.127.138.255

Packet number: 2  Packet Len: 78

	Ethernet Header
		Dest MAC: a0:7f:8a:2f:ab:cf
		Source MAC: 34:c9:3d:d:55:9d
		Type: IPv6

	IP Header
		IP PDU Len: 0
		Header Len (bytes): 0
		TTL: 38
		Protocol: Unknown
		Checksum: Incorrect (0x6c52)
		Sender IP: 125.240.137.160
		Dest IP: 173.18.185.215

Packet number: 3  Packet Len: 102

	Ethernet Header
		Dest MAC: 34:c9:3d:d:55:9d
		Source MAC: a0:7f:8a:2f:ab:cf
		Type: IPv6

	IP Header
		IP PDU Len: 0
		Header Len (bytes): 0
		TTL: 38
		Protocol: Unknown
		Checksum: Incorrect (0xf8b0)
		Sender IP: 64.7.8.19
		Dest IP: 0.0.0.0

Packet number: 4  Packet Len: 96

	Ethernet Header
		Dest MAC: a0:7f:8a:2f:ab:cf
		Source MAC: 34:c9:3d:d:55:9d
		Type: IPv6

	IP Header
		IP PDU Len: 61429
		Header Len (bytes): 0
		TTL: 38
		Protocol: Unknown
		Checksum: Incorrect (0x6c52)
		Sender IP: 125.240.137.160
		Dest IP: 173.18.185.215

Packet number: 5  Packet Len: 101

	Ethernet Header
		Dest MAC: 34:c9:3d:d:55:9d
		Source MAC: a0:7f:8a:2f:ab:cf
		Type: IPv6

	IP Header
		IP PDU Len: 0
		Header Len (bytes): 0
		TTL: 38
		Protocol: Unknown
		Checksum: Incorrect (0xf8b0)
		Sender IP: 64.7.8.19
		Dest IP: 0.0.0.0

Packet number: 6  Packet Len: 100

	Ethernet Header
		Dest MAC: a0:7f:8a:2f:ab:cf
		Source MAC: 34:c9:3d:d:55:9d
		Type: IPv6

	IP Header
		IP PDU Len: 61429
		Header Len (bytes): 0
		TTL: 38
		Protocol: Unknown
		Checksum: Incorrect (0x6c52)
		Sender IP: 125.240.137.160
		Dest IP: 173.18.185.215

Packet number: 7  Packet Len: 1294

	Ethernet Header
		Dest MAC: a0:7f:8a:2f:ab:cf
		Source MAC: 34:c9:3d:d:55:9d
		Type: IPv6

	IP Header
		IP PDU Len: 35017
		Header Len (bytes): 0
		TTL: 38
		Protocol: Unknown
		Checksum: Incorrect (0x6c52)
		Sender IP: 125.240.137.160
		Dest IP: 173.18.185.215

Packet number: 8  Packet Len: 1294

	Ethernet Header
		Dest MAC: a0:7f:8a:2f:ab:cf
		Source MAC: 34:c9:3d:d:55:9d
		Type: IPv6

	IP Header
		IP PDU Len: 35017
		Header Len (bytes): 0
		TTL: 38
		Protocol: Unknown
		Checksum: Incorrect (0x6c52)
		Sender IP: 125.240.137.160
		Dest IP: 173.18.185.215

Packet number: 9  Packet Len: 882

	Ethernet Header
		Dest MAC: a0:7f:8a:2f:ab:cf
		Source MAC: 34:c9:3d:d:55:9d
		Type: IPv6

	IP Header
		IP PDU Len: 35017
		Header Len (bytes): 0
		TTL: 38
		Protocol: Unknown
		Checksum: Incorrect (0x6c52)
		Sender IP: 125.240.137.160
		Dest IP: 173.18.185.215

Packet number: 10  Packet Len: 93

	Ethernet Header
		Dest MAC: 34:c9:3d:d:55:9d
		Source MAC: a0:7f:8a:2f:ab:cf
		Type: IPv6

	IP Header
		IP PDU Len: 0
		Header Len (bytes): 0
		TTL: 38
		Protocol: Unknown
		Checksum: Incorrect (0xf8b0)
		Sender IP: 64.7.8.24
		Dest IP: 0.0.0.0

Packet number: 11  Packet Len: 95

	Ethernet Header
		Dest MAC: a0:7f:8a:2f:ab:cf
		Source MAC: 34:c9:3d:d:55:9d
		Type: IPv6

	IP Header
		IP PDU Len: 35017
		Header Len (bytes): 0
		TTL: 38
		Protocol: Unknown
		Checksum: Incorrect (0x6c52)
		Sender IP: 125.240.137.160
		Dest IP: 173.18.185.215

Packet number: 12  Packet Len: 181

	Ethernet Header
		Dest MAC: 34:c9:3d:d:55:9d
		Source MAC: a0:7f:8a:2f:ab:cf
		Type: IPv6

	IP Header
		IP PDU Len: 0
		Header Len (bytes): 0
		TTL: 38
		Protocol: Unknown
		Checksum: Incorrect (0xf8b0)
		Sender IP: 64.7.8.24
		Dest IP: 0.0.0.0

Packet number: 13  Packet Len: 100

	Ethernet Header
		Dest MAC: a0:7f:8a:2f:ab:cf
		Source MAC: 34:c9:3d:d:55:9d
		Type: IPv6

	IP Header
		IP PDU Len: 35017
		Header Len (bytes): 0
		TTL: 38
		Protocol: Unknown
		Checksum: Incorrect (0x6c52)
		Sender IP: 125.240.137.160
		Dest IP: 173.18.185.215

Packet number: 14  Packet Len: 89

	Ethernet Header
		Dest MAC: 34:c9:3d:d:55:9d
		Source MAC: a0:7f:8a:2f:ab:cf
		Type: IPv6

	IP Header
		IP PDU Len: 0
		Header Len (bytes): 0
		TTL: 38
		Protocol: Unknown
		Checksum: Incorrect (0xf8b0)
		Sender IP: 64.7.8.24
		Dest IP: 0.0.0.0

Packet number: 15  Packet Len: 222

	Ethernet Header
		Dest MAC: 34:c9:3d:d:55:9d
		Source MAC: a0:7f:8a:2f:ab:cf
		Type: IPv6

	IP Header
		IP PDU Len: 0
		Header Len (bytes): 0
		TTL: 38
		Protocol: Unknown
		Checksum: Incorrect (0xf8b0)
		Sender IP: 64.7.8.24
		Dest IP: 0.0.0.0

Packet number: 16  Packet Len: 93

	Ethernet Header
		Dest MAC: a0:7f:8a:2f:ab:cf
		Source MAC: 34:c9:3d:d:55:9d
		Type: IPv6

	IP Header
		IP PDU Len: 34941
		Header Len (bytes): 0
		TTL: 38
		Protocol: Unknown
		Checksum: Incorrect (0x6c52)
		Sender IP: 125.240.137.160
		Dest IP: 173.18.185.215

Packet number: 17  Packet Len: 1294

	Ethernet Header
		Dest MAC: a0:7f:8a:2f:ab:cf
		Source MAC: 34:c9:3d:d:55:9d
		Type: IPv6

	IP Header
		IP PDU Len: 35017
		Header Len (bytes): 0
		TTL: 38
		Protocol: Unknown
		Checksum: Incorrect (0x6c52)
		Sender IP: 125.240.137.160
		Dest IP: 173.18.185.215

Packet number: 18  Packet Len: 1294

	Ethernet Header
		Dest MAC: a0:7f:8a:2f:ab:cf
		Source MAC: 34:c9:3d:d:55:9d
		Type: IPv6

	IP Header
		IP PDU Len: 35017
		Header Len (bytes): 0
		TTL: 38
		Protocol: Unknown
		Checksum: Incorrect (0x6c52)
		Sender IP: 125.240.137.160
		Dest IP: 173.18.185.215

Packet number: 19  Packet Len: 992

	Ethernet Header
		Dest MAC: a0:7f:8a:2f:ab:cf
		Source MAC: 34:c9:3d:d:55:9d
		Type: IPv6

	IP Header
		IP PDU Len: 35017
		Header Len (bytes): 0
		TTL: 38
		Protocol: Unknown
		Checksum: Incorrect (0x6c52)
		Sender IP: 125.240.137.160
		Dest IP: 173.18.185.215

Packet number: 20  Packet Len: 88

	Ethernet Header
		Dest MAC: 34:c9:3d:d:55:9d
		Source MAC: a0:7f:8a:2f:ab:cf
		Type: IPv6

	IP Header
		IP PDU Len: 0
		Header Len (bytes): 0
		TTL: 38
		Protocol: Unknown
		Checksum: Incorrect (0xf8b0)
		Sender IP: 64.7.8.24
		Dest IP: 0.0.0.0

Packet number: 21  Packet Len: 93

	Ethernet Header
		Dest MAC: 34:c9:3d:d:55:9d
		Source MAC: a0:7f:8a:2f:ab:cf
		Type: IPv6

	IP Header
		IP PDU Len: 0
		Header Len (bytes): 0
		TTL: 38
		Protocol: Unknown
		Checksum: Incorrect (0xf8b0)
		Sender IP: 64.7.8.24
		Dest IP: 0.0.0.0

Packet number: 22  Packet Len: 93

	Ethernet Header
		Dest MAC: a0:7f:8a:2f:ab:cf
		Source MAC: 34:c9:3d:d:55:9d
		Type: IPv6

	IP Header
		IP PDU Len: 35017
		Header Len (bytes): 0
		TTL: 38
		Protocol: Unknown
		Checksum: Incorrect (0x6c52)
		Sender IP: 125.240.137.160
		Dest IP: 173.18.185.215

Packet number: 23  Packet Len: 164

	Ethernet Header
		Dest MAC: 34:c9:3d:d:55:9d
		Source MAC: a0:7f:8a:2f:ab:cf
		Type: IPv6

	IP Header
		IP PDU Len: 0
		Header Len (bytes): 0
		TTL: 38
		Protocol: Unknown
		Checksum: Incorrect (0xf8b0)
		Sender IP: 64.7.8.24
		Dest IP: 0.0.0.0

Packet number: 24  Packet Len: 270

	Ethernet Header
		Dest MAC: 34:c9:3d:d:55:9d
		Source MAC: a0:7f:8a:2f:ab:cf
		Type: IPv6

	IP Header
		IP PDU Len: 0
		Header Len (bytes): 0
		TTL: 38
		Protocol: Unknown
		Checksum: Incorrect (0xf8b0)
		Sender IP: 64.7.8.24
		Dest IP: 0.0.0.0

Packet number: 25  Packet Len: 98

	Ethernet Header
		Dest MAC: a0:7f:8a:2f:ab:cf
		Source MAC: 34:c9:3d:d:55:9d
		Type: IPv6

	IP Header
		IP PDU Len: 35017
		Header Len (bytes): 0
		TTL: 38
		Protocol: Unknown
		Checksum: Incorrect (0x6c52)
		Sender IP: 125.240.137.160
		Dest IP: 173.18.185.215

Packet number: 26  Packet Len: 89

	Ethernet Header
		Dest MAC: 34:c9:3d:d:55:9d
		Source MAC: a0:7f:8a:2f:ab:cf
		Type: IPv6

	IP Header
		IP PDU Len: 0
		Header Len (bytes): 0
		TTL: 38
		Protocol: Unknown
		Checksum: Incorrect (0xf8b0)
		Sender IP: 64.7.8.24
		Dest IP: 0.0.0.0

Packet number: 27  Packet Len: 86

	Ethernet Header
		Dest MAC: 34:c9:3d:d:55:9d
		Source MAC: a0:7f:8a:2f:ab:cf
		Type: IPv6

	IP Header
		IP PDU Len: 0
		Header Len (bytes): 0
		TTL: 254
		Protocol: Unknown
		Checksum: Incorrect (0x0000)
		Sender IP: 0.0.0.0
		Dest IP: 162.127.138.255

Packet number: 28  Packet Len: 78

	Ethernet Header
		Dest MAC: a0:7f:8a:2f:ab:cf
		Source MAC: 34:c9:3d:d:55:9d
		Type: IPv6

	IP Header
		IP PDU Len: 0
		Header Len (bytes): 0
		TTL: 254
		Protocol: Unknown
		Checksum: Incorrect (0x0000)
		Sender IP: 0.0.0.0
		Dest IP: 162.57.124.200

Packet number: 29  Packet Len: 1294

	Ethernet Header
		Dest MAC: a0:7f:8a:2f:ab:cf
		Source MAC: 34:c9:3d:d:55:9d
		Type: IPv6

	IP Header
		IP PDU Len: 40613
		Header Len (bytes): 0
		TTL: 38
		Protocol: Unknown
		Checksum: Incorrect (0x6c52)
		Sender IP: 125.240.137.160
		Dest IP: 173.18.185.215

Packet number: 30  Packet Len: 1294

	Ethernet Header
		Dest MAC: a0:7f:8a:2f:ab:cf
		Source MAC: 34:c9:3d:d:55:9d
		Type: IPv6

	IP Header
		IP PDU Len: 40613
		Header Len (bytes): 0
		TTL: 38
		Protocol: Unknown
		Checksum: Incorrect (0x6c52)
		Sender IP: 125.240.137.160
		Dest IP: 173.18.185.215

Packet number: 31  Packet Len: 105

	Ethernet Header
		Dest MAC: 34:c9:3d:d:55:9d
		Source MAC: a0:7f:8a:2f:ab:cf
		Type: IPv6

	IP Header
		IP PDU Len: 0
		Header Len (bytes): 0
		TTL: 38
		Protocol: Unknown
		Checksum: Incorrect (0xf8b0)
		Sender IP: 64.7.8.1
		Dest IP: 0.0.0.0

Packet number: 32  Packet Len: 1294

	Ethernet Header
		Dest MAC: 34:c9:3d:d:55:9d
		Source MAC: a0:7f:8a:2f:ab:cf
		Type: IPv6

	IP Header
		IP PDU Len: 0
		Header Len (bytes): 0
		TTL: 38
		Protocol: Unknown
		Checksum: Incorrect (0xf8b0)
		Sender IP: 64.7.8.1
		Dest IP: 0.0.0.0

Packet number: 33  Packet Len: 1294

	Ethernet Header
		Dest MAC: 34:c9:3d:d:55:9d
		Source MAC: a0:7f:8a:2f:ab:cf
		Type: IPv6

	IP Header
		IP PDU Len: 0
		Header Len (bytes): 0
		TTL: 38
		Protocol: Unknown
		Checksum: Incorrect (0xf8b0)
		Sender IP: 64.7.8.1
		Dest IP: 0.0.0.0

Packet number: 34  Packet Len: 1294

	Ethernet Header
		Dest MAC: 34:c9:3d:d:55:9d
		Source MAC: a0:7f:8a:2f:ab:cf
		Type: IPv6

	IP Header
		IP PDU Len: 0
		Header Len (bytes): 0
		TTL: 38
		Protocol: Unknown
		Checksum: Incorrect (0xf8b0)
		Sender IP: 64.7.8.1
		Dest IP: 0.0.0.0

Packet number: 35  Packet Len: 102

	Ethernet Header
		Dest MAC: a0:7f:8a:2f:ab:cf
		Source MAC: 34:c9:3d:d:55:9d
		Type: IPv6

	IP Header
		IP PDU Len: 40613
		Header Len (bytes): 0
		TTL: 38
		Protocol: Unknown
		Checksum: Incorrect (0x6c52)
		Sender IP: 125.240.137.160
		Dest IP: 173.18.185.215

Packet number: 36  Packet Len: 1294

	Ethernet Header
		Dest MAC: 34:c9:3d:d:55:9d
		Source MAC: a0:7f:8a:2f:ab:cf
		Type: IPv6

	IP Header
		IP PDU Len: 0
		Header Len (bytes): 0
		TTL: 38
		Protocol: Unknown
		Checksum: Incorrect (0xf8b0)
		Sender IP: 64.7.8.1
		Dest IP: 0.0.0.0

Packet number: 37  Packet Len: 1294

	Ethernet Header
		Dest MAC: 34:c9:3d:d:55:9d
		Source MAC: a0:7f:8a:2f:ab:cf
		Type: IPv6

	IP Header
		IP PDU Len: 0
		Header Len (bytes): 0
		TTL: 38
		Protocol: Unknown
		Checksum: Incorrect (0xf8b0)
		Sender IP: 64.7.8.1
		Dest IP: 0.0.0.0

Packet number: 38  Packet Len: 627

	Ethernet Header
		Dest MAC: 34:c9:3d:d:55:9d
		Source MAC: a0:7f:8a:2f:ab:cf
		Type: IPv6

	IP Header
		IP PDU Len: 0
		Header Len (bytes): 0
		TTL: 38
		Protocol: Unknown
		Checksum: Incorrect (0xf8b0)
		Sender IP: 64.7.8.1
		Dest IP: 0.0.0.0

Packet number: 39  Packet Len: 105

	Ethernet Header
		Dest MAC: a0:7f:8a:2f:ab:cf
		Source MAC: 34:c9:3d:d:55:9d
		Type: IPv6

	IP Header
		IP PDU Len: 40613
		Header Len (bytes): 0
		TTL: 38
		Protocol: Unknown
		Checksum: Incorrect (0x6c52)
		Sender IP: 125.240.137.160
		Dest IP: 173.18.185.215

Packet number: 40  Packet Len: 193

	Ethernet Header
		Dest MAC: a0:7f:8a:2f:ab:cf
		Source MAC: 34:c9:3d:d:55:9d
		Type: IPv6

	IP Header
		IP PDU Len: 40613
		Header Len (bytes): 0
		TTL: 38
		Protocol: Unknown
		Checksum: Incorrect (0x6c52)
		Sender IP: 125.240.137.160
		Dest IP: 173.18.185.215

Packet number: 41  Packet Len: 134

	Ethernet Header
		Dest MAC: a0:7f:8a:2f:ab:cf
		Source MAC: 34:c9:3d:d:55:9d
		Type: IPv6

	IP Header
		IP PDU Len: 40613
		Header Len (bytes): 0
		TTL: 38
		Protocol: Unknown
		Checksum: Incorrect (0x6c52)
		Sender IP: 125.240.137.160
		Dest IP: 173.18.185.215

Packet number: 42  Packet Len: 374

	Ethernet Header
		Dest MAC: a0:7f:8a:2f:ab:cf
		Source MAC: 34:c9:3d:d:55:9d
		Type: IPv6

	IP Header
		IP PDU Len: 40613
		Header Len (bytes): 0
		TTL: 38
		Protocol: Unknown
		Checksum: Incorrect (0x6c52)
		Sender IP: 125.240.137.160
		Dest IP: 173.18.185.215

Packet number: 43  Packet Len: 1294

	Ethernet Header
		Dest MAC: 34:c9:3d:d:55:9d
		Source MAC: a0:7f:8a:2f:ab:cf
		Type: IPv6

	IP Header
		IP PDU Len: 0
		Header Len (bytes): 0
		TTL: 38
		Protocol: Unknown
		Checksum: Incorrect (0xf8b0)
		Sender IP: 64.7.8.1
		Dest IP: 0.0.0.0

Packet number: 44  Packet Len: 178

	Ethernet Header
		Dest MAC: 34:c9:3d:d:55:9d
		Source MAC: a0:7f:8a:2f:ab:cf
		Type: IPv6

	IP Header
		IP PDU Len: 0
		Header Len (bytes): 0
		TTL: 38
		Protocol: Unknown
		Checksum: Incorrect (0xf8b0)
		Sender IP: 64.7.8.1
		Dest IP: 0.0.0.0

Packet number: 45  Packet Len: 178

	Ethernet Header
		Dest MAC: a0:7f:8a:2f:ab:cf
		Source MAC: 34:c9:3d:d:55:9d
		Type: IPv6

	IP Header
		IP PDU Len: 40613
		Header Len (bytes): 0
		TTL: 38
		Protocol: Unknown
		Checksum: Incorrect (0x6c52)
		Sender IP: 125.240.137.160
		Dest IP: 173.18.185.215

Packet number: 46  Packet Len: 679

	Ethernet Header
		Dest MAC: 34:c9:3d:d:55:9d
		Source MAC: a0:7f:8a:2f:ab:cf
		Type: IPv6

	IP Header
		IP PDU Len: 0
		Header Len (bytes): 0
		TTL: 38
		Protocol: Unknown
		Checksum: Incorrect (0xf8b0)
		Sender IP: 64.7.8.1
		Dest IP: 0.0.0.0

Packet number: 47  Packet Len: 186

	Ethernet Header
		Dest MAC: 34:c9:3d:d:55:9d
		Source MAC: a0:7f:8a:2f:ab:cf
		Type: IPv6

	IP Header
		IP PDU Len: 0
		Header Len (bytes): 0
		TTL: 38
		Protocol: Unknown
		Checksum: Incorrect (0xf8b0)
		Sender IP: 64.7.8.1
		Dest IP: 0.0.0.0

Packet number: 48  Packet Len: 88

	Ethernet Header
		Dest MAC: 34:c9:3d:d:55:9d
		Source MAC: a0:7f:8a:2f:ab:cf
		Type: IPv6

	IP Header
		IP PDU Len: 0
		Header Len (bytes): 0
		TTL: 38
		Protocol: Unknown
		Checksum: Incorrect (0xf8b0)
		Sender IP: 64.7.8.1
		Dest IP: 0.0.0.0

Packet number: 49  Packet Len: 93

	Ethernet Header
		Dest MAC: a0:7f:8a:2f:ab:cf
		Source MAC: 34:c9:3d:d:55:9d
		Type: IPv6

	IP Header
		IP PDU Len: 40613
		Header Len (bytes): 0
		TTL: 38
		Protocol: Unknown
		Checksum: Incorrect (0x6c52)
		Sender IP: 125.240.137.160
		Dest IP: 173.18.185.215

Packet number: 50  Packet Len: 593

	Ethernet Header
		Dest MAC: 34:c9:3d:d:55:9d
		Source MAC: a0:7f:8a:2f:ab:cf
		Type: IPv6

	IP Header
		IP PDU Len: 0
		Header Len (bytes): 0
		TTL: 38
		Protocol: Unknown
		Checksum: Incorrect (0xf8b0)
		Sender IP: 64.7.8.1
		Dest IP: 0.0.0.0

Packet number: 51  Packet Len: 87

	Ethernet Header
		Dest MAC: 34:c9:3d:d:55:9d
		Source MAC: a0:7f:8a:2f:ab:cf
		Type: IPv6

	IP Header
		IP PDU Len: 0
		Header Len (bytes): 0
		TTL: 38
		Protocol: Unknown
		Checksum: Incorrect (0xf8b0)
		Sender IP: 64.7.8.1
		Dest IP: 0.0.0.0

Packet number: 52  Packet Len: 98

	Ethernet Header
		Dest MAC: a0:7f:8a:2f:ab:cf
		Source MAC: 34:c9:3d:d:55:9d
		Type: IPv6

	IP Header
		IP PDU Len: 40613
		Header Len (bytes): 0
		TTL: 38
		Protocol: Unknown
		Checksum: Incorrect (0x6c52)
		Sender IP: 125.240.137.160
		Dest IP: 173.18.185.215

Packet number: 53  Packet Len: 89

	Ethernet Header
		Dest MAC: 34:c9:3d:d:55:9d
		Source MAC: a0:7f:8a:2f:ab:cf
		Type: IPv6

	IP Header
		IP PDU Len: 0
		Header Len (bytes): 0
		TTL: 38
		Protocol: Unknown
		Checksum: Incorrect (0xf8b0)
		Sender IP: 64.7.8.1
		Dest IP: 0.0.0.0

Packet number: 54  Packet Len: 83

	Ethernet Header
		Dest MAC: 1:0:5e:0:0:fb
		Source MAC: 24:4b:fe:de:79:27
		Type: IP

	IP Header
		IP PDU Len: 69
		Header Len (bytes): 20
		TTL: 1
		Protocol: UDP
		Checksum: Correct (0xb5be)
		Sender IP: 192.168.1.17
		Dest IP: 224.0.0.251

	UDP Header
		Source Port:  5353
		Dest Port:  5353

Packet number: 55  Packet Len: 447

	Ethernet Header
		Dest MAC: 1:0:5e:0:0:fb
		Source MAC: 24:4b:fe:de:79:27
		Type: IP

	IP Header
		IP PDU Len: 433
		Header Len (bytes): 20
		TTL: 1
		Protocol: UDP
		Checksum: Correct (0xb451)
		Sender IP: 192.168.1.17
		Dest IP: 224.0.0.251

	UDP Header
		Source Port:  5353
		Dest Port:  5353

Packet number: 56  Packet Len: 467

	Ethernet Header
		Dest MAC: 33:33:0:0:0:fb
		Source MAC: 24:4b:fe:de:79:27
		Type: IPv6

	IP Header
		IP PDU Len: 52137
		Header Len (bytes): 0
		TTL: 254
		Protocol: Unknown
		Checksum: Incorrect (0x0000)
		Sender IP: 0.0.0.0
		Dest IP: 171.255.89.143

Packet number: 57  Packet Len: 52

	Ethernet Header
		Dest MAC: 34:c9:3d:d:55:9d
		Source MAC: a0:7f:8a:2f:ab:cf
		Type: ARP

	ARP header
		Opcode: Request
		Sender MAC: a0:7f:8a:2f:ab:cf
		Sender IP: 192.168.1.1
		Target MAC: 0:0:0:0:0:0
		Target IP: 192.168.1.20

Packet number: 58  Packet Len: 42

	Ethernet Header
		Dest MAC: a0:7f:8a:2f:ab:cf
		Source MAC: 34:c9:3d:d:55:9d
		Type: ARP

	ARP header
		Opcode: Reply
		Sender MAC: 34:c9:3d:d:55:9d
		Sender IP: 192.168.1.20
		Target MAC: a0:7f:8a:2f:ab:cf
		Target IP: 192.168.1.1

Packet number: 59  Packet Len: 83

	Ethernet Header
		Dest MAC: 1:0:5e:0:0:fb
		Source MAC: 24:4b:fe:de:79:27
		Type: IP

	IP Header
		IP PDU Len: 69
		Header Len (bytes): 20
		TTL: 1
		Protocol: UDP
		Checksum: Correct (0xb5bc)
		Sender IP: 192.168.1.17
		Dest IP: 224.0.0.251

	UDP Header
		Source Port:  5353
		Dest Port:  5353

Packet number: 60  Packet Len: 447

	Ethernet Header
		Dest MAC: 1:0:5e:0:0:fb
		Source MAC: 24:4b:fe:de:79:27
		Type: IP

	IP Header
		IP PDU Len: 433
		Header Len (bytes): 20
		TTL: 1
		Protocol: UDP
		Checksum: Correct (0xb44f)
		Sender IP: 192.168.1.17
		Dest IP: 224.0.0.251

	UDP Header
		Source Port:  5353
		Dest Port:  5353

Packet number: 61  Packet Len: 467

	Ethernet Header
		Dest MAC: 33:33:0:0:0:fb
		Source MAC: 24:4b:fe:de:79:27
		Type: IPv6

	IP Header
		IP PDU Len: 52137
		Header Len (bytes): 0
		TTL: 254
		Protocol: Unknown
		Checksum: Incorrect (0x0000)
		Sender IP: 0.0.0.0
		Dest IP: 171.255.89.143

Packet number: 62  Packet Len: 1294

	Ethernet Header
		Dest MAC: a0:7f:8a:2f:ab:cf
		Source MAC: 34:c9:3d:d:55:9d
		Type: IPv6

	IP Header
		IP PDU Len: 35017
		Header Len (bytes): 0
		TTL: 38
		Protocol: Unknown
		Checksum: Incorrect (0x6c52)
		Sender IP: 125.240.137.160
		Dest IP: 173.18.185.215

Packet number: 63  Packet Len: 1294

	Ethernet Header
		Dest MAC: a0:7f:8a:2f:ab:cf
		Source MAC: 34:c9:3d:d:55:9d
		Type: IPv6

	IP Header
		IP PDU Len: 35017
		Header Len (bytes): 0
		TTL: 38
		Protocol: Unknown
		Checksum: Incorrect (0x6c52)
		Sender IP: 125.240.137.160
		Dest IP: 173.18.185.215

Packet number: 64  Packet Len: 602

	Ethernet Header
		Dest MAC: a0:7f:8a:2f:ab:cf
		Source MAC: 34:c9:3d:d:55:9d
		Type: IPv6

	IP Header
		IP PDU Len: 35017
		Header Len (bytes): 0
		TTL: 38
		Protocol: Unknown
		Checksum: Incorrect (0x6c52)
		Sender IP: 125.240.137.160
		Dest IP: 173.18.185.215

Packet number: 65  Packet Len: 88

	Ethernet Header
		Dest MAC: 34:c9:3d:d:55:9d
		Source MAC: a0:7f:8a:2f:ab:cf
		Type: IPv6

	IP Header
		IP PDU Len: 0
		Header Len (bytes): 0
		TTL: 38
		Protocol: Unknown
		Checksum: Incorrect (0xf8b0)
		Sender IP: 64.7.8.24
		Dest IP: 0.0.0.0

Packet number: 66  Packet Len: 93

	Ethernet Header
		Dest MAC: 34:c9:3d:d:55:9d
		Source MAC: a0:7f:8a:2f:ab:cf
		Type: IPv6

	IP Header
		IP PDU Len: 0
		Header Len (bytes): 0
		TTL: 38
		Protocol: Unknown
		Checksum: Incorrect (0xf8b0)
		Sender IP: 64.7.8.24
		Dest IP: 0.0.0.0

Packet number: 67  Packet Len: 93

	Ethernet Header
		Dest MAC: a0:7f:8a:2f:ab:cf
		Source MAC: 34:c9:3d:d:55:9d
		Type: IPv6

	IP Header
		IP PDU Len: 35017
		Header Len (bytes): 0
		TTL: 38
		Protocol: Unknown
		Checksum: Incorrect (0x6c52)
		Sender IP: 125.240.137.160
		Dest IP: 173.18.185.215

Packet number: 68  Packet Len: 1294

	Ethernet Header
		Dest MAC: 34:c9:3d:d:55:9d
		Source MAC: a0:7f:8a:2f:ab:cf
		Type: IPv6

	IP Header
		IP PDU Len: 0
		Header Len (bytes): 0
		TTL: 38
		Protocol: Unknown
		Checksum: Incorrect (0xf8b0)
		Sender IP: 64.7.8.24
		Dest IP: 0.0.0.0

Packet number: 69  Packet Len: 559

	Ethernet Header
		Dest MAC: 34:c9:3d:d:55:9d
		Source MAC: a0:7f:8a:2f:ab:cf
		Type: IPv6

	IP Header
		IP PDU Len: 0
		Header Len (bytes): 0
		TTL: 38
		Protocol: Unknown
		Checksum: Incorrect (0xf8b0)
		Sender IP: 64.7.8.24
		Dest IP: 0.0.0.0

Packet number: 70  Packet Len: 429

	Ethernet Header
		Dest MAC: 34:c9:3d:d:55:9d
		Source MAC: a0:7f:8a:2f:ab:cf
		Type: IPv6

	IP Header
		IP PDU Len: 0
		Header Len (bytes): 0
		TTL: 38
		Protocol: Unknown
		Checksum: Incorrect (0xf8b0)
		Sender IP: 64.7.8.24
		Dest IP: 0.0.0.0

Packet number: 71  Packet Len: 100

	Ethernet Header
		Dest MAC: a0:7f:8a:2f:ab:cf
		Source MAC: 34:c9:3d:d:55:9d
		Type: IPv6

	IP Header
		IP PDU Len: 35017
		Header Len (bytes): 0
		TTL: 38
		Protocol: Unknown
		Checksum: Incorrect (0x6c52)
		Sender IP: 125.240.137.160
		Dest IP: 173.18.185.215

Packet number: 72  Packet Len: 89

	Ethernet Header
		Dest MAC: 34:c9:3d:d:55:9d
		Source MAC: a0:7f:8a:2f:ab:cf
		Type: IPv6

	IP Header
		IP PDU Len: 0
		Header Len (bytes): 0
		TTL: 38
		Protocol: Unknown
		Checksum: Incorrect (0xf8b0)
		Sender IP: 64.7.8.24
		Dest IP: 0.0.0.0

Packet number: 73  Packet Len: 83

	Ethernet Header
		Dest MAC: 1:0:5e:0:0:fb
		Source MAC: 24:4b:fe:de:79:27
		Type: IP

	IP Header
		IP PDU Len: 69
		Header Len (bytes): 20
		TTL: 1
		Protocol: UDP
		Checksum: Correct (0xb5ba)
		Sender IP: 192.168.1.17
		Dest IP: 224.0.0.251

	UDP Header
		Source Port:  5353
		Dest Port:  5353

Packet number: 74  Packet Len: 447

	Ethernet Header
		Dest MAC: 1:0:5e:0:0:fb
		Source MAC: 24:4b:fe:de:79:27
		Type: IP

	IP Header
		IP PDU Len: 433
		Header Len (bytes): 20
		TTL: 1
		Protocol: UDP
		Checksum: Correct (0xb44d)
		Sender IP: 192.168.1.17
		Dest IP: 224.0.0.251

	UDP Header
		Source Port:  5353
		Dest Port:  5353

Packet number: 75  Packet Len: 467

	Ethernet Header
		Dest MAC: 33:33:0:0:0:fb
		Source MAC: 24:4b:fe:de:79:27
		Type: IPv6

	IP Header
		IP PDU Len: 52137
		Header Len (bytes): 0
		TTL: 254
		Protocol: Unknown
		Checksum: Incorrect (0x0000)
		Sender IP: 0.0.0.0
		Dest IP: 171.255.89.143

Packet number: 76  Packet Len: 524

	Ethernet Header
		Dest MAC: a0:7f:8a:2f:ab:cf
		Source MAC: 34:c9:3d:d:55:9d
		Type: IPv6

	IP Header
		IP PDU Len: 20720
		Header Len (bytes): 0
		TTL: 38
		Protocol: Unknown
		Checksum: Incorrect (0x6c52)
		Sender IP: 125.240.137.160
		Dest IP: 173.18.185.215

Packet number: 77  Packet Len: 312

	Ethernet Header
		Dest MAC: a0:7f:8a:2f:ab:cf
		Source MAC: 34:c9:3d:d:55:9d
		Type: IPv6

	IP Header
		IP PDU Len: 20720
		Header Len (bytes): 0
		TTL: 38
		Protocol: Unknown
		Checksum: Incorrect (0x6c52)
		Sender IP: 125.240.137.160
		Dest IP: 173.18.185.215

Packet number: 78  Packet Len: 88

	Ethernet Header
		Dest MAC: 34:c9:3d:d:55:9d
		Source MAC: a0:7f:8a:2f:ab:cf
		Type: IPv6

	IP Header
		IP PDU Len: 21779
		Header Len (bytes): 0
		TTL: 42
		Protocol: TCP
		Checksum: Incorrect (0x98c1)
		Sender IP: 0.82.0.0
		Dest IP: 0.0.0.0

	TCP Header
		Segment Length: 21779
		Source Port:  24591
		Dest Port:  21779
		Sequence Number: 2232631
		ACK Number: 705075393
		Data Offset (bytes): 0
		SYN Flag: Yes
		RST Flag: No
		FIN Flag: No
		ACK Flag: Yes
		Window Size: 0
		Checksum: Incorrect (0x0000)

Packet number: 79  Packet Len: 650

	Ethernet Header
		Dest MAC: 34:c9:3d:d:55:9d
		Source MAC: a0:7f:8a:2f:ab:cf
		Type: IPv6

	IP Header
		IP PDU Len: 21779
		Header Len (bytes): 0
		TTL: 42
		Protocol: TCP
		Checksum: Incorrect (0x98c1)
		Sender IP: 0.82.0.0
		Dest IP: 0.0.0.0

	TCP Header
		Segment Length: 21779
		Source Port:  24591
		Dest Port:  21779
		Sequence Number: 39063863
		ACK Number: 705075393
		Data Offset (bytes): 0
		SYN Flag: Yes
		RST Flag: No
		FIN Flag: No
		ACK Flag: Yes
		Window Size: 0
		Checksum: Incorrect (0x0000)

Packet number: 80  Packet Len: 650

	Ethernet Header
		Dest MAC: 34:c9:3d:d:55:9d
		Source MAC: a0:7f:8a:2f:ab:cf
		Type: IPv6

	IP Header
		IP PDU Len: 21779
		Header Len (bytes): 0
		TTL: 42
		Protocol: TCP
		Checksum: Incorrect (0x98c1)
		Sender IP: 0.82.0.0
		Dest IP: 0.0.0.0

	TCP Header
		Segment Length: 21779
		Source Port:  24591
		Dest Port:  21779
		Sequence Number: 39063863
		ACK Number: 705075393
		Data Offset (bytes): 0
		SYN Flag: Yes
		RST Flag: No
		FIN Flag: No
		ACK Flag: Yes
		Window Size: 0
		Checksum: Incorrect (0x0000)

Packet number: 81  Packet Len: 650

	Ethernet Header
		Dest MAC: 34:c9:3d:d:55:9d
		Source MAC: a0:7f:8a:2f:ab:cf
		Type: IPv6

	IP Header
		IP PDU Len: 21779
		Header Len (bytes): 0
		TTL: 42
		Protocol: TCP
		Checksum: Incorrect (0x98c1)
		Sender IP: 0.82.0.0
		Dest IP: 0.0.0.0

	TCP Header
		Segment Length: 21779
		Source Port:  24591
		Dest Port:  21779
		Sequence Number: 39063863
		ACK Number: 705075393
		Data Offset (bytes): 0
		SYN Flag: Yes
		RST Flag: No
		FIN Flag: No
		ACK Flag: Yes
		Window Size: 0
		Checksum: Incorrect (0x0000)

Packet number: 82  Packet Len: 107

	Ethernet Header
		Dest MAC: a0:7f:8a:2f:ab:cf
		Source MAC: 34:c9:3d:d:55:9d
		Type: IPv6

	IP Header
		IP PDU Len: 20720
		Header Len (bytes): 0
		TTL: 38
		Protocol: Unknown
		Checksum: Incorrect (0x6c52)
		Sender IP: 125.240.137.160
		Dest IP: 173.18.185.215

Packet number: 83  Packet Len: 524

	Ethernet Header
		Dest MAC: a0:7f:8a:2f:ab:cf
		Source MAC: 34:c9:3d:d:55:9d
		Type: IPv6

	IP Header
		IP PDU Len: 20720
		Header Len (bytes): 0
		TTL: 38
		Protocol: Unknown
		Checksum: Incorrect (0x6c52)
		Sender IP: 125.240.137.160
		Dest IP: 173.18.185.215

Packet number: 84  Packet Len: 89

	Ethernet Header
		Dest MAC: 34:c9:3d:d:55:9d
		Source MAC: a0:7f:8a:2f:ab:cf
		Type: IPv6

	IP Header
		IP PDU Len: 21779
		Header Len (bytes): 0
		TTL: 42
		Protocol: TCP
		Checksum: Incorrect (0x98c1)
		Sender IP: 0.82.0.0
		Dest IP: 0.0.0.0

	TCP Header
		Segment Length: 21779
		Source Port:  24591
		Dest Port:  21779
		Sequence Number: 2298167
		ACK Number: 705075393
		Data Offset (bytes): 0
		SYN Flag: Yes
		RST Flag: No
		FIN Flag: No
		ACK Flag: Yes
		Window Size: 0
		Checksum: Incorrect (0x0000)

Packet number: 85  Packet Len: 650

	Ethernet Header
		Dest MAC: 34:c9:3d:d:55:9d
		Source MAC: a0:7f:8a:2f:ab:cf
		Type: IPv6

	IP Header
		IP PDU Len: 21779
		Header Len (bytes): 0
		TTL: 42
		Protocol: TCP
		Checksum: Incorrect (0x98c1)
		Sender IP: 0.82.0.0
		Dest IP: 0.0.0.0

	TCP Header
		Segment Length: 21779
		Source Port:  24591
		Dest Port:  21779
		Sequence Number: 39063863
		ACK Number: 705075393
		Data Offset (bytes): 0
		SYN Flag: Yes
		RST Flag: No
		FIN Flag: No
		ACK Flag: Yes
		Window Size: 0
		Checksum: Incorrect (0x0000)

Packet number: 86  Packet Len: 650

	Ethernet Header
		Dest MAC: 34:c9:3d:d:55:9d
		Source MAC: a0:7f:8a:2f:ab:cf
		Type: IPv6

	IP Header
		IP PDU Len: 21779
		Header Len (bytes): 0
		TTL: 42
		Protocol: TCP
		Checksum: Incorrect (0x98c1)
		Sender IP: 0.82.0.0
		Dest IP: 0.0.0.0

	TCP Header
		Segment Length: 21779
		Source Port:  24591
		Dest Port:  21779
		Sequence Number: 39063863
		ACK Number: 705075393
		Data Offset (bytes): 0
		SYN Flag: Yes
		RST Flag: No
		FIN Flag: No
		ACK Flag: Yes
		Window Size: 0
		Checksum: Incorrect (0x0000)

Packet number: 87  Packet Len: 106

	Ethernet Header
		Dest MAC: a0:7f:8a:2f:ab:cf
		Source MAC: 34:c9:3d:d:55:9d
		Type: IPv6

	IP Header
		IP PDU Len: 20720
		Header Len (bytes): 0
		TTL: 38
		Protocol: Unknown
		Checksum: Incorrect (0x6c52)
		Sender IP: 125.240.137.160
		Dest IP: 173.18.185.215

Packet number: 88  Packet Len: 1294

	Ethernet Header
		Dest MAC: a0:7f:8a:2f:ab:cf
		Source MAC: 34:c9:3d:d:55:9d
		Type: IPv6

	IP Header
		IP PDU Len: 1065
		Header Len (bytes): 0
		TTL: 38
		Protocol: Unknown
		Checksum: Incorrect (0x6c52)
		Sender IP: 125.240.137.160
		Dest IP: 173.18.185.215

Packet number: 89  Packet Len: 1294

	Ethernet Header
		Dest MAC: a0:7f:8a:2f:ab:cf
		Source MAC: 34:c9:3d:d:55:9d
		Type: IPv6

	IP Header
		IP PDU Len: 1065
		Header Len (bytes): 0
		TTL: 38
		Protocol: Unknown
		Checksum: Incorrect (0x6c52)
		Sender IP: 125.240.137.160
		Dest IP: 173.18.185.215

Packet number: 90  Packet Len: 105

	Ethernet Header
		Dest MAC: 34:c9:3d:d:55:9d
		Source MAC: a0:7f:8a:2f:ab:cf
		Type: IPv6

	IP Header
		IP PDU Len: 0
		Header Len (bytes): 0
		TTL: 38
		Protocol: Unknown
		Checksum: Incorrect (0xf8b0)
		Sender IP: 64.7.8.14
		Dest IP: 0.0.0.0

Packet number: 91  Packet Len: 1294

	Ethernet Header
		Dest MAC: 34:c9:3d:d:55:9d
		Source MAC: a0:7f:8a:2f:ab:cf
		Type: IPv6

	IP Header
		IP PDU Len: 0
		Header Len (bytes): 0
		TTL: 38
		Protocol: Unknown
		Checksum: Incorrect (0xf8b0)
		Sender IP: 64.7.8.14
		Dest IP: 0.0.0.0

Packet number: 92  Packet Len: 1294

	Ethernet Header
		Dest MAC: 34:c9:3d:d:55:9d
		Source MAC: a0:7f:8a:2f:ab:cf
		Type: IPv6

	IP Header
		IP PDU Len: 0
		Header Len (bytes): 0
		TTL: 38
		Protocol: Unknown
		Checksum: Incorrect (0xf8b0)
		Sender IP: 64.7.8.14
		Dest IP: 0.0.0.0

Packet number: 93  Packet Len: 1294

	Ethernet Header
		Dest MAC: 34:c9:3d:d:55:9d
		Source MAC: a0:7f:8a:2f:ab:cf
		Type: IPv6

	IP Header
		IP PDU Len: 0
		Header Len (bytes): 0
		TTL: 38
		Protocol: Unknown
		Checksum: Incorrect (0xf8b0)
		Sender IP: 64.7.8.14
		Dest IP: 0.0.0.0

Packet number: 94  Packet Len: 102

	Ethernet Header
		Dest MAC: a0:7f:8a:2f:ab:cf
		Source MAC: 34:c9:3d:d:55:9d
		Type: IPv6

	IP Header
		IP PDU Len: 1065
		Header Len (bytes): 0
		TTL: 38
		Protocol: Unknown
		Checksum: Incorrect (0x6c52)
		Sender IP: 125.240.137.160
		Dest IP: 173.18.185.215

Packet number: 95  Packet Len: 1294

	Ethernet Header
		Dest MAC: 34:c9:3d:d:55:9d
		Source MAC: a0:7f:8a:2f:ab:cf
		Type: IPv6

	IP Header
		IP PDU Len: 0
		Header Len (bytes): 0
		TTL: 38
		Protocol: Unknown
		Checksum: Incorrect (0xf8b0)
		Sender IP: 64.7.8.14
		Dest IP: 0.0.0.0

Packet number: 96  Packet Len: 1294

	Ethernet Header
		Dest MAC: 34:c9:3d:d:55:9d
		Source MAC: a0:7f:8a:2f:ab:cf
		Type: IPv6

	IP Header
		IP PDU Len: 0
		Header Len (bytes): 0
		TTL: 38
		Protocol: Unknown
		Checksum: Incorrect (0xf8b0)
		Sender IP: 64.7.8.14
		Dest IP: 0.0.0.0

Packet number: 97  Packet Len: 1294

	Ethernet Header
		Dest MAC: 34:c9:3d:d:55:9d
		Source MAC: a0:7f:8a:2f:ab:cf
		Type: IPv6

	IP Header
		IP PDU Len: 0
		Header Len (bytes): 0
		TTL: 38
		Protocol: Unknown
		Checksum: Incorrect (0xf8b0)
		Sender IP: 64.7.8.14
		Dest IP: 0.0.0.0

Packet number: 98  Packet Len: 104

	Ethernet Header
		Dest MAC: a0:7f:8a:2f:ab:cf
		Source MAC: 34:c9:3d:d:55:9d
		Type: IPv6

	IP Header
		IP PDU Len: 1065
		Header Len (bytes): 0
		TTL: 38
		Protocol: Unknown
		Checksum: Incorrect (0x6c52)
		Sender IP: 125.240.137.160
		Dest IP: 173.18.185.215

Packet number: 99  Packet Len: 94

	Ethernet Header
		Dest MAC: a0:7f:8a:2f:ab:cf
		Source MAC: 34:c9:3d:d:55:9d
		Type: IPv6

	IP Header
		IP PDU Len: 42993
		Header Len (bytes): 0
		TTL: 38
		Protocol: Unknown
		Checksum: Incorrect (0x6c52)
		Sender IP: 125.240.137.160
		Dest IP: 173.18.185.215

Packet number: 100  Packet Len: 1294

	Ethernet Header
		Dest MAC: 34:c9:3d:d:55:9d
		Source MAC: a0:7f:8a:2f:ab:cf
		Type: IPv6

	IP Header
		IP PDU Len: 0
		Header Len (bytes): 0
		TTL: 38
		Protocol: Unknown
		Checksum: Incorrect (0xf8b0)
		Sender IP: 64.7.8.14
		Dest IP: 0.0.0.0

Packet number: 101  Packet Len: 1294

	Ethernet Header
		Dest MAC: 34:c9:3d:d:55:9d
		Source MAC: a0:7f:8a:2f:ab:cf
		Type: IPv6

	IP Header
		IP PDU Len: 0
		Header Len (bytes): 0
		TTL: 38
		Protocol: Unknown
		Checksum: Incorrect (0xf8b0)
		Sender IP: 64.7.8.14
		Dest IP: 0.0.0.0

Packet number: 102  Packet Len: 1294

	Ethernet Header
		Dest MAC: 34:c9:3d:d:55:9d
		Source MAC: a0:7f:8a:2f:ab:cf
		Type: IPv6

	IP Header
		IP PDU Len: 0
		Header Len (bytes): 0
		TTL: 38
		Protocol: Unknown
		Checksum: Incorrect (0xf8b0)
		Sender IP: 64.7.8.14
		Dest IP: 0.0.0.0

Packet number: 103  Packet Len: 1282

	Ethernet Header
		Dest MAC: 34:c9:3d:d:55:9d
		Source MAC: a0:7f:8a:2f:ab:cf
		Type: IPv6

	IP Header
		IP PDU Len: 0
		Header Len (bytes): 0
		TTL: 38
		Protocol: Unknown
		Checksum: Incorrect (0xf8b0)
		Sender IP: 64.7.8.14
		Dest IP: 0.0.0.0

Packet number: 104  Packet Len: 130

	Ethernet Header
		Dest MAC: 34:c9:3d:d:55:9d
		Source MAC: a0:7f:8a:2f:ab:cf
		Type: IPv6

	IP Header
		IP PDU Len: 0
		Header Len (bytes): 0
		TTL: 38
		Protocol: Unknown
		Checksum: Incorrect (0xf8b0)
		Sender IP: 64.7.8.14
		Dest IP: 0.0.0.0

Packet number: 105  Packet Len: 105

	Ethernet Header
		Dest MAC: a0:7f:8a:2f:ab:cf
		Source MAC: 34:c9:3d:d:55:9d
		Type: IPv6

	IP Header
		IP PDU Len: 1065
		Header Len (bytes): 0
		TTL: 38
		Protocol: Unknown
		Checksum: Incorrect (0x6c52)
		Sender IP: 125.240.137.160
		Dest IP: 173.18.185.215

Packet number: 106  Packet Len: 193

	Ethernet Header
		Dest MAC: a0:7f:8a:2f:ab:cf
		Source MAC: 34:c9:3d:d:55:9d
		Type: IPv6

	IP Header
		IP PDU Len: 1065
		Header Len (bytes): 0
		TTL: 38
		Protocol: Unknown
		Checksum: Incorrect (0x6c52)
		Sender IP: 125.240.137.160
		Dest IP: 173.18.185.215

Packet number: 107  Packet Len: 134

	Ethernet Header
		Dest MAC: a0:7f:8a:2f:ab:cf
		Source MAC: 34:c9:3d:d:55:9d
		Type: IPv6

	IP Header
		IP PDU Len: 1065
		Header Len (bytes): 0
		TTL: 38
		Protocol: Unknown
		Checksum: Incorrect (0x6c52)
		Sender IP: 125.240.137.160
		Dest IP: 173.18.185.215

Packet number: 108  Packet Len: 491

	Ethernet Header
		Dest MAC: a0:7f:8a:2f:ab:cf
		Source MAC: 34:c9:3d:d:55:9d
		Type: IPv6

	IP Header
		IP PDU Len: 1065
		Header Len (bytes): 0
		TTL: 38
		Protocol: Unknown
		Checksum: Incorrect (0x6c52)
		Sender IP: 125.240.137.160
		Dest IP: 173.18.185.215

Packet number: 109  Packet Len: 94

	Ethernet Header
		Dest MAC: 34:c9:3d:d:55:9d
		Source MAC: a0:7f:8a:2f:ab:cf
		Type: IPv6

	IP Header
		IP PDU Len: 6959
		Header Len (bytes): 0
		TTL: 38
		Protocol: Unknown
		Checksum: Incorrect (0xf8b0)
		Sender IP: 64.7.8.14
		Dest IP: 0.0.0.0

Packet number: 110  Packet Len: 86

	Ethernet Header
		Dest MAC: a0:7f:8a:2f:ab:cf
		Source MAC: 34:c9:3d:d:55:9d
		Type: IPv6

	IP Header
		IP PDU Len: 42993
		Header Len (bytes): 0
		TTL: 38
		Protocol: Unknown
		Checksum: Incorrect (0x6c52)
		Sender IP: 125.240.137.160
		Dest IP: 173.18.185.215

Packet number: 111  Packet Len: 2598

	Ethernet Header
		Dest MAC: a0:7f:8a:2f:ab:cf
		Source MAC: 34:c9:3d:d:55:9d
		Type: IPv6

	IP Header
		IP PDU Len: 42993
		Header Len (bytes): 0
		TTL: 38
		Protocol: Unknown
		Checksum: Incorrect (0x6c52)
		Sender IP: 125.240.137.160
		Dest IP: 173.18.185.215

Packet number: 112  Packet Len: 184

	Ethernet Header
		Dest MAC: a0:7f:8a:2f:ab:cf
		Source MAC: 34:c9:3d:d:55:9d
		Type: IPv6

	IP Header
		IP PDU Len: 42993
		Header Len (bytes): 0
		TTL: 38
		Protocol: Unknown
		Checksum: Incorrect (0x6c52)
		Sender IP: 125.240.137.160
		Dest IP: 173.18.185.215

Packet number: 113  Packet Len: 679

	Ethernet Header
		Dest MAC: 34:c9:3d:d:55:9d
		Source MAC: a0:7f:8a:2f:ab:cf
		Type: IPv6

	IP Header
		IP PDU Len: 0
		Header Len (bytes): 0
		TTL: 38
		Protocol: Unknown
		Checksum: Incorrect (0xf8b0)
		Sender IP: 64.7.8.14
		Dest IP: 0.0.0.0

Packet number: 114  Packet Len: 186

	Ethernet Header
		Dest MAC: 34:c9:3d:d:55:9d
		Source MAC: a0:7f:8a:2f:ab:cf
		Type: IPv6

	IP Header
		IP PDU Len: 0
		Header Len (bytes): 0
		TTL: 38
		Protocol: Unknown
		Checksum: Incorrect (0xf8b0)
		Sender IP: 64.7.8.14
		Dest IP: 0.0.0.0

Packet number: 115  Packet Len: 88

	Ethernet Header
		Dest MAC: 34:c9:3d:d:55:9d
		Source MAC: a0:7f:8a:2f:ab:cf
		Type: IPv6

	IP Header
		IP PDU Len: 0
		Header Len (bytes): 0
		TTL: 38
		Protocol: Unknown
		Checksum: Incorrect (0xf8b0)
		Sender IP: 64.7.8.14
		Dest IP: 0.0.0.0

Packet number: 116  Packet Len: 93

	Ethernet Header
		Dest MAC: a0:7f:8a:2f:ab:cf
		Source MAC: 34:c9:3d:d:55:9d
		Type: IPv6

	IP Header
		IP PDU Len: 1065
		Header Len (bytes): 0
		TTL: 38
		Protocol: Unknown
		Checksum: Incorrect (0x6c52)
		Sender IP: 125.240.137.160
		Dest IP: 173.18.185.215

Packet number: 117  Packet Len: 347

	Ethernet Header
		Dest MAC: 34:c9:3d:d:55:9d
		Source MAC: a0:7f:8a:2f:ab:cf
		Type: IPv6

	IP Header
		IP PDU Len: 0
		Header Len (bytes): 0
		TTL: 38
		Protocol: Unknown
		Checksum: Incorrect (0xf8b0)
		Sender IP: 64.7.8.14
		Dest IP: 0.0.0.0

Packet number: 118  Packet Len: 98

	Ethernet Header
		Dest MAC: a0:7f:8a:2f:ab:cf
		Source MAC: 34:c9:3d:d:55:9d
		Type: IPv6

	IP Header
		IP PDU Len: 1065
		Header Len (bytes): 0
		TTL: 38
		Protocol: Unknown
		Checksum: Incorrect (0x6c52)
		Sender IP: 125.240.137.160
		Dest IP: 173.18.185.215

Packet number: 119  Packet Len: 86

	Ethernet Header
		Dest MAC: 34:c9:3d:d:55:9d
		Source MAC: a0:7f:8a:2f:ab:cf
		Type: IPv6

	IP Header
		IP PDU Len: 6959
		Header Len (bytes): 0
		TTL: 38
		Protocol: Unknown
		Checksum: Incorrect (0xf8b0)
		Sender IP: 64.7.8.14
		Dest IP: 0.0.0.0

Packet number: 120  Packet Len: 86

	Ethernet Header
		Dest MAC: 34:c9:3d:d:55:9d
		Source MAC: a0:7f:8a:2f:ab:cf
		Type: IPv6

	IP Header
		IP PDU Len: 6959
		Header Len (bytes): 0
		TTL: 38
		Protocol: Unknown
		Checksum: Incorrect (0xf8b0)
		Sender IP: 64.7.8.14
		Dest IP: 0.0.0.0

Packet number: 121  Packet Len: 86

	Ethernet Header
		Dest MAC: 34:c9:3d:d:55:9d
		Source MAC: a0:7f:8a:2f:ab:cf
		Type: IPv6

	IP Header
		IP PDU Len: 6959
		Header Len (bytes): 0
		TTL: 38
		Protocol: Unknown
		Checksum: Incorrect (0xf8b0)
		Sender IP: 64.7.8.14
		Dest IP: 0.0.0.0

Packet number: 122  Packet Len: 86

	Ethernet Header
		Dest MAC: 34:c9:3d:d:55:9d
		Source MAC: a0:7f:8a:2f:ab:cf
		Type: IPv6

	IP Header
		IP PDU Len: 0
		Header Len (bytes): 0
		TTL: 38
		Protocol: Unknown
		Checksum: Incorrect (0xf8b0)
		Sender IP: 64.7.8.14
		Dest IP: 0.0.0.0

Packet number: 123  Packet Len: 93

	Ethernet Header
		Dest MAC: a0:7f:8a:2f:ab:cf
		Source MAC: 34:c9:3d:d:55:9d
		Type: IPv6

	IP Header
		IP PDU Len: 1065
		Header Len (bytes): 0
		TTL: 38
		Protocol: Unknown
		Checksum: Incorrect (0x6c52)
		Sender IP: 125.240.137.160
		Dest IP: 173.18.185.215

Packet number: 124  Packet Len: 1294

	Ethernet Header
		Dest MAC: a0:7f:8a:2f:ab:cf
		Source MAC: 34:c9:3d:d:55:9d
		Type: IPv6

	IP Header
		IP PDU Len: 21571
		Header Len (bytes): 0
		TTL: 38
		Protocol: Unknown
		Checksum: Incorrect (0x6c52)
		Sender IP: 125.240.137.160
		Dest IP: 173.18.185.215

Packet number: 125  Packet Len: 1294

	Ethernet Header
		Dest MAC: a0:7f:8a:2f:ab:cf
		Source MAC: 34:c9:3d:d:55:9d
		Type: IPv6

	IP Header
		IP PDU Len: 21571
		Header Len (bytes): 0
		TTL: 38
		Protocol: Unknown
		Checksum: Incorrect (0x6c52)
		Sender IP: 125.240.137.160
		Dest IP: 173.18.185.215

Packet number: 126  Packet Len: 1944

	Ethernet Header
		Dest MAC: 34:c9:3d:d:55:9d
		Source MAC: a0:7f:8a:2f:ab:cf
		Type: IPv6

	IP Header
		IP PDU Len: 6959
		Header Len (bytes): 0
		TTL: 38
		Protocol: Unknown
		Checksum: Incorrect (0xf8b0)
		Sender IP: 64.7.8.14
		Dest IP: 0.0.0.0

Packet number: 127  Packet Len: 148

	Ethernet Header
		Dest MAC: 34:c9:3d:d:55:9d
		Source MAC: a0:7f:8a:2f:ab:cf
		Type: IPv6

	IP Header
		IP PDU Len: 6959
		Header Len (bytes): 0
		TTL: 38
		Protocol: Unknown
		Checksum: Incorrect (0xf8b0)
		Sender IP: 64.7.8.14
		Dest IP: 0.0.0.0

Packet number: 128  Packet Len: 117

	Ethernet Header
		Dest MAC: 34:c9:3d:d:55:9d
		Source MAC: a0:7f:8a:2f:ab:cf
		Type: IPv6

	IP Header
		IP PDU Len: 6959
		Header Len (bytes): 0
		TTL: 38
		Protocol: Unknown
		Checksum: Incorrect (0xf8b0)
		Sender IP: 64.7.8.14
		Dest IP: 0.0.0.0

Packet number: 129  Packet Len: 86

	Ethernet Header
		Dest MAC: a0:7f:8a:2f:ab:cf
		Source MAC: 34:c9:3d:d:55:9d
		Type: IPv6

	IP Header
		IP PDU Len: 42993
		Header Len (bytes): 0
		TTL: 38
		Protocol: Unknown
		Checksum: Incorrect (0x6c52)
		Sender IP: 125.240.137.160
		Dest IP: 173.18.185.215

Packet number: 130  Packet Len: 86

	Ethernet Header
		Dest MAC: a0:7f:8a:2f:ab:cf
		Source MAC: 34:c9:3d:d:55:9d
		Type: IPv6

	IP Header
		IP PDU Len: 42993
		Header Len (bytes): 0
		TTL: 38
		Protocol: Unknown
		Checksum: Incorrect (0x6c52)
		Sender IP: 125.240.137.160
		Dest IP: 173.18.185.215

Packet number: 131  Packet Len: 86

	Ethernet Header
		Dest MAC: a0:7f:8a:2f:ab:cf
		Source MAC: 34:c9:3d:d:55:9d
		Type: IPv6

	IP Header
		IP PDU Len: 42993
		Header Len (bytes): 0
		TTL: 38
		Protocol: Unknown
		Checksum: Incorrect (0x6c52)
		Sender IP: 125.240.137.160
		Dest IP: 173.18.185.215

Packet number: 132  Packet Len: 170

	Ethernet Header
		Dest MAC: a0:7f:8a:2f:ab:cf
		Source MAC: 34:c9:3d:d:55:9d
		Type: IPv6

	IP Header
		IP PDU Len: 42993
		Header Len (bytes): 0
		TTL: 38
		Protocol: Unknown
		Checksum: Incorrect (0x6c52)
		Sender IP: 125.240.137.160
		Dest IP: 173.18.185.215

Packet number: 133  Packet Len: 93

	Ethernet Header
		Dest MAC: 34:c9:3d:d:55:9d
		Source MAC: a0:7f:8a:2f:ab:cf
		Type: IPv6

	IP Header
		IP PDU Len: 0
		Header Len (bytes): 0
		TTL: 38
		Protocol: Unknown
		Checksum: Incorrect (0xf8b0)
		Sender IP: 64.7.8.14
		Dest IP: 0.0.0.0

Packet number: 134  Packet Len: 117

	Ethernet Header
		Dest MAC: a0:7f:8a:2f:ab:cf
		Source MAC: 34:c9:3d:d:55:9d
		Type: IPv6

	IP Header
		IP PDU Len: 42993
		Header Len (bytes): 0
		TTL: 38
		Protocol: Unknown
		Checksum: Incorrect (0x6c52)
		Sender IP: 125.240.137.160
		Dest IP: 173.18.185.215

Packet number: 135  Packet Len: 105

	Ethernet Header
		Dest MAC: 34:c9:3d:d:55:9d
		Source MAC: a0:7f:8a:2f:ab:cf
		Type: IPv6

	IP Header
		IP PDU Len: 0
		Header Len (bytes): 0
		TTL: 38
		Protocol: Unknown
		Checksum: Incorrect (0xf8b0)
		Sender IP: 64.7.8.14
		Dest IP: 0.0.0.0

Packet number: 136  Packet Len: 94

	Ethernet Header
		Dest MAC: a0:7f:8a:2f:ab:cf
		Source MAC: 34:c9:3d:d:55:9d
		Type: IPv6

	IP Header
		IP PDU Len: 1065
		Header Len (bytes): 0
		TTL: 38
		Protocol: Unknown
		Checksum: Incorrect (0x6c52)
		Sender IP: 125.240.137.160
		Dest IP: 173.18.185.215

Packet number: 137  Packet Len: 90

	Ethernet Header
		Dest MAC: 34:c9:3d:d:55:9d
		Source MAC: a0:7f:8a:2f:ab:cf
		Type: IPv6

	IP Header
		IP PDU Len: 0
		Header Len (bytes): 0
		TTL: 38
		Protocol: Unknown
		Checksum: Incorrect (0xf8b0)
		Sender IP: 64.7.8.14
		Dest IP: 0.0.0.0

Packet number: 138  Packet Len: 168

	Ethernet Header
		Dest MAC: a0:7f:8a:2f:ab:cf
		Source MAC: 34:c9:3d:d:55:9d
		Type: IPv6

	IP Header
		IP PDU Len: 21571
		Header Len (bytes): 0
		TTL: 38
		Protocol: Unknown
		Checksum: Incorrect (0x6c52)
		Sender IP: 125.240.137.160
		Dest IP: 173.18.185.215

Packet number: 139  Packet Len: 1294

	Ethernet Header
		Dest MAC: a0:7f:8a:2f:ab:cf
		Source MAC: 34:c9:3d:d:55:9d
		Type: IPv6

	IP Header
		IP PDU Len: 21571
		Header Len (bytes): 0
		TTL: 38
		Protocol: Unknown
		Checksum: Incorrect (0x6c52)
		Sender IP: 125.240.137.160
		Dest IP: 173.18.185.215

Packet number: 140  Packet Len: 117

	Ethernet Header
		Dest MAC: a0:7f:8a:2f:ab:cf
		Source MAC: 34:c9:3d:d:55:9d
		Type: IPv6

	IP Header
		IP PDU Len: 42993
		Header Len (bytes): 0
		TTL: 38
		Protocol: Unknown
		Checksum: Incorrect (0x6c52)
		Sender IP: 125.240.137.160
		Dest IP: 173.18.185.215

Packet number: 141  Packet Len: 88

	Ethernet Header
		Dest MAC: 34:c9:3d:d:55:9d
		Source MAC: a0:7f:8a:2f:ab:cf
		Type: IPv6

	IP Header
		IP PDU Len: 0
		Header Len (bytes): 0
		TTL: 38
		Protocol: Unknown
		Checksum: Incorrect (0xf8b0)
		Sender IP: 64.7.8.14
		Dest IP: 0.0.0.0

Packet number: 142  Packet Len: 168

	Ethernet Header
		Dest MAC: a0:7f:8a:2f:ab:cf
		Source MAC: 34:c9:3d:d:55:9d
		Type: IPv6

	IP Header
		IP PDU Len: 21571
		Header Len (bytes): 0
		TTL: 38
		Protocol: Unknown
		Checksum: Incorrect (0x6c52)
		Sender IP: 125.240.137.160
		Dest IP: 173.18.185.215

Packet number: 143  Packet Len: 1294

	Ethernet Header
		Dest MAC: 34:c9:3d:d:55:9d
		Source MAC: a0:7f:8a:2f:ab:cf
		Type: IPv6

	IP Header
		IP PDU Len: 0
		Header Len (bytes): 0
		TTL: 38
		Protocol: Unknown
		Checksum: Incorrect (0xf8b0)
		Sender IP: 64.7.8.14
		Dest IP: 0.0.0.0

Packet number: 144  Packet Len: 102

	Ethernet Header
		Dest MAC: a0:7f:8a:2f:ab:cf
		Source MAC: 34:c9:3d:d:55:9d
		Type: IPv6

	IP Header
		IP PDU Len: 21571
		Header Len (bytes): 0
		TTL: 38
		Protocol: Unknown
		Checksum: Incorrect (0x6c52)
		Sender IP: 125.240.137.160
		Dest IP: 173.18.185.215

Packet number: 145  Packet Len: 98

	Ethernet Header
		Dest MAC: 34:c9:3d:d:55:9d
		Source MAC: a0:7f:8a:2f:ab:cf
		Type: IPv6

	IP Header
		IP PDU Len: 6959
		Header Len (bytes): 0
		TTL: 38
		Protocol: Unknown
		Checksum: Incorrect (0xf8b0)
		Sender IP: 64.7.8.14
		Dest IP: 0.0.0.0

Packet number: 146  Packet Len: 94

	Ethernet Header
		Dest MAC: a0:7f:8a:2f:ab:cf
		Source MAC: 34:c9:3d:d:55:9d
		Type: IPv6

	IP Header
		IP PDU Len: 31372
		Header Len (bytes): 0
		TTL: 38
		Protocol: Unknown
		Checksum: Incorrect (0x6c52)
		Sender IP: 125.240.137.160
		Dest IP: 173.18.185.215

Packet number: 147  Packet Len: 374

	Ethernet Header
		Dest MAC: 34:c9:3d:d:55:9d
		Source MAC: a0:7f:8a:2f:ab:cf
		Type: IPv6

	IP Header
		IP PDU Len: 0
		Header Len (bytes): 0
		TTL: 38
		Protocol: Unknown
		Checksum: Incorrect (0xf8b0)
		Sender IP: 64.7.8.14
		Dest IP: 0.0.0.0

Packet number: 148  Packet Len: 1294

	Ethernet Header
		Dest MAC: a0:7f:8a:2f:ab:cf
		Source MAC: 34:c9:3d:d:55:9d
		Type: IPv6

	IP Header
		IP PDU Len: 21571
		Header Len (bytes): 0
		TTL: 38
		Protocol: Unknown
		Checksum: Incorrect (0x6c52)
		Sender IP: 125.240.137.160
		Dest IP: 173.18.185.215

Packet number: 149  Packet Len: 1294

	Ethernet Header
		Dest MAC: a0:7f:8a:2f:ab:cf
		Source MAC: 34:c9:3d:d:55:9d
		Type: IPv6

	IP Header
		IP PDU Len: 21571
		Header Len (bytes): 0
		TTL: 38
		Protocol: Unknown
		Checksum: Incorrect (0x6c52)
		Sender IP: 125.240.137.160
		Dest IP: 173.18.185.215

Packet number: 150  Packet Len: 367

	Ethernet Header
		Dest MAC: a0:7f:8a:2f:ab:cf
		Source MAC: 34:c9:3d:d:55:9d
		Type: IPv6

	IP Header
		IP PDU Len: 21571
		Header Len (bytes): 0
		TTL: 38
		Protocol: Unknown
		Checksum: Incorrect (0x6c52)
		Sender IP: 125.240.137.160
		Dest IP: 173.18.185.215

Packet number: 151  Packet Len: 94

	Ethernet Header
		Dest MAC: 34:c9:3d:d:55:9d
		Source MAC: a0:7f:8a:2f:ab:cf
		Type: IPv6

	IP Header
		IP PDU Len: 51611
		Header Len (bytes): 0
		TTL: 38
		Protocol: Unknown
		Checksum: Incorrect (0xf8b0)
		Sender IP: 64.7.8.14
		Dest IP: 0.0.0.0

Packet number: 152  Packet Len: 86

	Ethernet Header
		Dest MAC: a0:7f:8a:2f:ab:cf
		Source MAC: 34:c9:3d:d:55:9d
		Type: IPv6

	IP Header
		IP PDU Len: 31372
		Header Len (bytes): 0
		TTL: 38
		Protocol: Unknown
		Checksum: Incorrect (0x6c52)
		Sender IP: 125.240.137.160
		Dest IP: 173.18.185.215

Packet number: 153  Packet Len: 2598

	Ethernet Header
		Dest MAC: a0:7f:8a:2f:ab:cf
		Source MAC: 34:c9:3d:d:55:9d
		Type: IPv6

	IP Header
		IP PDU Len: 31372
		Header Len (bytes): 0
		TTL: 38
		Protocol: Unknown
		Checksum: Incorrect (0x6c52)
		Sender IP: 125.240.137.160
		Dest IP: 173.18.185.215

Packet number: 154  Packet Len: 184

	Ethernet Header
		Dest MAC: a0:7f:8a:2f:ab:cf
		Source MAC: 34:c9:3d:d:55:9d
		Type: IPv6

	IP Header
		IP PDU Len: 31372
		Header Len (bytes): 0
		TTL: 38
		Protocol: Unknown
		Checksum: Incorrect (0x6c52)
		Sender IP: 125.240.137.160
		Dest IP: 173.18.185.215

Packet number: 155  Packet Len: 185

	Ethernet Header
		Dest MAC: 34:c9:3d:d:55:9d
		Source MAC: a0:7f:8a:2f:ab:cf
		Type: IPv6

	IP Header
		IP PDU Len: 0
		Header Len (bytes): 0
		TTL: 38
		Protocol: Unknown
		Checksum: Incorrect (0xf8b0)
		Sender IP: 64.7.8.14
		Dest IP: 0.0.0.0

Packet number: 156  Packet Len: 1294

	Ethernet Header
		Dest MAC: 34:c9:3d:d:55:9d
		Source MAC: a0:7f:8a:2f:ab:cf
		Type: IPv6

	IP Header
		IP PDU Len: 0
		Header Len (bytes): 0
		TTL: 38
		Protocol: Unknown
		Checksum: Incorrect (0xf8b0)
		Sender IP: 64.7.8.14
		Dest IP: 0.0.0.0

Packet number: 157  Packet Len: 94

	Ethernet Header
		Dest MAC: a0:7f:8a:2f:ab:cf
		Source MAC: 34:c9:3d:d:55:9d
		Type: IPv6

	IP Header
		IP PDU Len: 21571
		Header Len (bytes): 0
		TTL: 38
		Protocol: Unknown
		Checksum: Incorrect (0x6c52)
		Sender IP: 125.240.137.160
		Dest IP: 173.18.185.215

Packet number: 158  Packet Len: 92

	Ethernet Header
		Dest MAC: 34:c9:3d:d:55:9d
		Source MAC: a0:7f:8a:2f:ab:cf
		Type: IPv6

	IP Header
		IP PDU Len: 0
		Header Len (bytes): 0
		TTL: 38
		Protocol: Unknown
		Checksum: Incorrect (0xf8b0)
		Sender IP: 64.7.8.14
		Dest IP: 0.0.0.0

Packet number: 159  Packet Len: 86

	Ethernet Header
		Dest MAC: 34:c9:3d:d:55:9d
		Source MAC: a0:7f:8a:2f:ab:cf
		Type: IPv6

	IP Header
		IP PDU Len: 51611
		Header Len (bytes): 0
		TTL: 38
		Protocol: Unknown
		Checksum: Incorrect (0xf8b0)
		Sender IP: 64.7.8.14
		Dest IP: 0.0.0.0

Packet number: 160  Packet Len: 86

	Ethernet Header
		Dest MAC: 34:c9:3d:d:55:9d
		Source MAC: a0:7f:8a:2f:ab:cf
		Type: IPv6

	IP Header
		IP PDU Len: 51611
		Header Len (bytes): 0
		TTL: 38
		Protocol: Unknown
		Checksum: Incorrect (0xf8b0)
		Sender IP: 64.7.8.14
		Dest IP: 0.0.0.0

Packet number: 161  Packet Len: 86

	Ethernet Header
		Dest MAC: 34:c9:3d:d:55:9d
		Source MAC: a0:7f:8a:2f:ab:cf
		Type: IPv6

	IP Header
		IP PDU Len: 51611
		Header Len (bytes): 0
		TTL: 38
		Protocol: Unknown
		Checksum: Incorrect (0xf8b0)
		Sender IP: 64.7.8.14
		Dest IP: 0.0.0.0

Packet number: 162  Packet Len: 1275

	Ethernet Header
		Dest MAC: 34:c9:3d:d:55:9d
		Source MAC: a0:7f:8a:2f:ab:cf
		Type: IPv6

	IP Header
		IP PDU Len: 0
		Header Len (bytes): 0
		TTL: 38
		Protocol: Unknown
		Checksum: Incorrect (0xf8b0)
		Sender IP: 64.7.8.14
		Dest IP: 0.0.0.0

Packet number: 163  Packet Len: 86

	Ethernet Header
		Dest MAC: 34:c9:3d:d:55:9d
		Source MAC: a0:7f:8a:2f:ab:cf
		Type: IPv6

	IP Header
		IP PDU Len: 0
		Header Len (bytes): 0
		TTL: 38
		Protocol: Unknown
		Checksum: Incorrect (0xf8b0)
		Sender IP: 64.7.8.14
		Dest IP: 0.0.0.0

Packet number: 164  Packet Len: 98

	Ethernet Header
		Dest MAC: a0:7f:8a:2f:ab:cf
		Source MAC: 34:c9:3d:d:55:9d
		Type: IPv6

	IP Header
		IP PDU Len: 21571
		Header Len (bytes): 0
		TTL: 38
		Protocol: Unknown
		Checksum: Incorrect (0x6c52)
		Sender IP: 125.240.137.160
		Dest IP: 173.18.185.215

Packet number: 165  Packet Len: 1944

	Ethernet Header
		Dest MAC: 34:c9:3d:d:55:9d
		Source MAC: a0:7f:8a:2f:ab:cf
		Type: IPv6

	IP Header
		IP PDU Len: 51611
		Header Len (bytes): 0
		TTL: 38
		Protocol: Unknown
		Checksum: Incorrect (0xf8b0)
		Sender IP: 64.7.8.14
		Dest IP: 0.0.0.0

Packet number: 166  Packet Len: 148

	Ethernet Header
		Dest MAC: 34:c9:3d:d:55:9d
		Source MAC: a0:7f:8a:2f:ab:cf
		Type: IPv6

	IP Header
		IP PDU Len: 51611
		Header Len (bytes): 0
		TTL: 38
		Protocol: Unknown
		Checksum: Incorrect (0xf8b0)
		Sender IP: 64.7.8.14
		Dest IP: 0.0.0.0

Packet number: 167  Packet Len: 117

	Ethernet Header
		Dest MAC: 34:c9:3d:d:55:9d
		Source MAC: a0:7f:8a:2f:ab:cf
		Type: IPv6

	IP Header
		IP PDU Len: 51611
		Header Len (bytes): 0
		TTL: 38
		Protocol: Unknown
		Checksum: Incorrect (0xf8b0)
		Sender IP: 64.7.8.14
		Dest IP: 0.0.0.0

Packet number: 168  Packet Len: 86

	Ethernet Header
		Dest MAC: a0:7f:8a:2f:ab:cf
		Source MAC: 34:c9:3d:d:55:9d
		Type: IPv6

	IP Header
		IP PDU Len: 31372
		Header Len (bytes): 0
		TTL: 38
		Protocol: Unknown
		Checksum: Incorrect (0x6c52)
		Sender IP: 125.240.137.160
		Dest IP: 173.18.185.215

Packet number: 169  Packet Len: 86

	Ethernet Header
		Dest MAC: a0:7f:8a:2f:ab:cf
		Source MAC: 34:c9:3d:d:55:9d
		Type: IPv6

	IP Header
		IP PDU Len: 31372
		Header Len (bytes): 0
		TTL: 38
		Protocol: Unknown
		Checksum: Incorrect (0x6c52)
		Sender IP: 125.240.137.160
		Dest IP: 173.18.185.215

Packet number: 170  Packet Len: 86

	Ethernet Header
		Dest MAC: a0:7f:8a:2f:ab:cf
		Source MAC: 34:c9:3d:d:55:9d
		Type: IPv6

	IP Header
		IP PDU Len: 31372
		Header Len (bytes): 0
		TTL: 38
		Protocol: Unknown
		Checksum: Incorrect (0x6c52)
		Sender IP: 125.240.137.160
		Dest IP: 173.18.185.215

Packet number: 171  Packet Len: 170

	Ethernet Header
		Dest MAC: a0:7f:8a:2f:ab:cf
		Source MAC: 34:c9:3d:d:55:9d
		Type: IPv6

	IP Header
		IP PDU Len: 31372
		Header Len (bytes): 0
		TTL: 38
		Protocol: Unknown
		Checksum: Incorrect (0x6c52)
		Sender IP: 125.240.137.160
		Dest IP: 173.18.185.215

Packet number: 172  Packet Len: 117

	Ethernet Header
		Dest MAC: a0:7f:8a:2f:ab:cf
		Source MAC: 34:c9:3d:d:55:9d
		Type: IPv6

	IP Header
		IP PDU Len: 31372
		Header Len (bytes): 0
		TTL: 38
		Protocol: Unknown
		Checksum: Incorrect (0x6c52)
		Sender IP: 125.240.137.160
		Dest IP: 173.18.185.215

Packet number: 173  Packet Len: 86

	Ethernet Header
		Dest MAC: 34:c9:3d:d:55:9d
		Source MAC: a0:7f:8a:2f:ab:cf
		Type: IPv6

	IP Header
		IP PDU Len: 51611
		Header Len (bytes): 0
		TTL: 38
		Protocol: Unknown
		Checksum: Incorrect (0xf8b0)
		Sender IP: 64.7.8.14
		Dest IP: 0.0.0.0

Packet number: 174  Packet Len: 89

	Ethernet Header
		Dest MAC: 34:c9:3d:d:55:9d
		Source MAC: a0:7f:8a:2f:ab:cf
		Type: IPv6

	IP Header
		IP PDU Len: 0
		Header Len (bytes): 0
		TTL: 38
		Protocol: Unknown
		Checksum: Incorrect (0xf8b0)
		Sender IP: 64.7.8.14
		Dest IP: 0.0.0.0

Packet number: 175  Packet Len: 66

	Ethernet Header
		Dest MAC: a0:7f:8a:2f:ab:cf
		Source MAC: 34:c9:3d:d:55:9d
		Type: IP

	IP Header
		IP PDU Len: 52
		Header Len (bytes): 20
		TTL: 64
		Protocol: TCP
		Checksum: Correct (0xbdf9)
		Sender IP: 192.168.1.20
		Dest IP: 34.107.221.82

	TCP Header
		Segment Length: 32
		Source Port:  53554
		Dest Port:  HTTP
		Sequence Number: 457265897
		ACK Number: 3113678396
		Data Offset (bytes): 32
		SYN Flag: No
		RST Flag: No
		FIN Flag: No
		ACK Flag: Yes
		Window Size: 501
		Checksum: Incorrect (0xc1a0)

Packet number: 176  Packet Len: 86

	Ethernet Header
		Dest MAC: a0:7f:8a:2f:ab:cf
		Source MAC: 34:c9:3d:d:55:9d
		Type: IPv6

	IP Header
		IP PDU Len: 63456
		Header Len (bytes): 0
		TTL: 38
		Protocol: Unknown
		Checksum: Incorrect (0x6c52)
		Sender IP: 125.240.137.160
		Dest IP: 173.18.185.215

Packet number: 177  Packet Len: 86

	Ethernet Header
		Dest MAC: a0:7f:8a:2f:ab:cf
		Source MAC: 34:c9:3d:d:55:9d
		Type: IPv6

	IP Header
		IP PDU Len: 52879
		Header Len (bytes): 0
		TTL: 38
		Protocol: Unknown
		Checksum: Incorrect (0x6c52)
		Sender IP: 125.240.137.160
		Dest IP: 173.18.185.215

Packet number: 178  Packet Len: 86

	Ethernet Header
		Dest MAC: 34:c9:3d:d:55:9d
		Source MAC: a0:7f:8a:2f:ab:cf
		Type: IPv6

	IP Header
		IP PDU Len: 48637
		Header Len (bytes): 0
		TTL: 38
		Protocol: Unknown
		Checksum: Incorrect (0x1901)
		Sender IP: 0.0.56.215
		Dest IP: 0.0.0.0

Packet number: 179  Packet Len: 86

	Ethernet Header
		Dest MAC: 34:c9:3d:d:55:9d
		Source MAC: a0:7f:8a:2f:ab:cf
		Type: IPv6

	IP Header
		IP PDU Len: 55355
		Header Len (bytes): 0
		TTL: 38
		Protocol: Unknown
		Checksum: Incorrect (0x1901)
		Sender IP: 0.0.56.215
		Dest IP: 0.0.0.0

Packet number: 180  Packet Len: 66

	Ethernet Header
		Dest MAC: 34:c9:3d:d:55:9d
		Source MAC: a0:7f:8a:2f:ab:cf
		Type: IP

	IP Header
		IP PDU Len: 52
		Header Len (bytes): 20
		TTL: 52
		Protocol: TCP
		Checksum: Correct (0x316d)
		Sender IP: 34.107.221.82
		Dest IP: 192.168.1.20

	TCP Header
		Segment Length: 32
		Source Port:  HTTP
		Dest Port:  53554
		Sequence Number: 3113678396
		ACK Number: 457265898
		Data Offset (bytes): 32
		SYN Flag: No
		RST Flag: No
		FIN Flag: No
		ACK Flag: Yes
		Window Size: 1050
		Checksum: Correct (0xf452)

Packet number: 181  Packet Len: 91

	Ethernet Header
		Dest MAC: a0:7f:8a:2f:ab:cf
		Source MAC: 34:c9:3d:d:55:9d
		Type: IPv6

	IP Header
		IP PDU Len: 31077
		Header Len (bytes): 0
		TTL: 38
		Protocol: Unknown
		Checksum: Incorrect (0x6c52)
		Sender IP: 125.240.137.160
		Dest IP: 173.18.185.215

Packet number: 182  Packet Len: 89

	Ethernet Header
		Dest MAC: 34:c9:3d:d:55:9d
		Source MAC: a0:7f:8a:2f:ab:cf
		Type: IPv6

	IP Header
		IP PDU Len: 0
		Header Len (bytes): 0
		TTL: 38
		Protocol: Unknown
		Checksum: Incorrect (0xf8b0)
		Sender IP: 64.7.8.19
		Dest IP: 0.0.0.0

Packet number: 183  Packet Len: 83

	Ethernet Header
		Dest MAC: 1:0:5e:0:0:fb
		Source MAC: 24:4b:fe:de:79:27
		Type: IP

	IP Header
		IP PDU Len: 69
		Header Len (bytes): 20
		TTL: 1
		Protocol: UDP
		Checksum: Correct (0xb5b8)
		Sender IP: 192.168.1.17
		Dest IP: 224.0.0.251

	UDP Header
		Source Port:  5353
		Dest Port:  5353

Packet number: 184  Packet Len: 447

	Ethernet Header
		Dest MAC: 1:0:5e:0:0:fb
		Source MAC: 24:4b:fe:de:79:27
		Type: IP

	IP Header
		IP PDU Len: 433
		Header Len (bytes): 20
		TTL: 1
		Protocol: UDP
		Checksum: Correct (0xb44b)
		Sender IP: 192.168.1.17
		Dest IP: 224.0.0.251

	UDP Header
		Source Port:  5353
		Dest Port:  5353

Packet number: 185  Packet Len: 467

	Ethernet Header
		Dest MAC: 33:33:0:0:0:fb
		Source MAC: 24:4b:fe:de:79:27
		Type: IPv6

	IP Header
		IP PDU Len: 52137
		Header Len (bytes): 0
		TTL: 254
		Protocol: Unknown
		Checksum: Incorrect (0x0000)
		Sender IP: 0.0.0.0
		Dest IP: 171.255.89.143

Packet number: 186  Packet Len: 1294

	Ethernet Header
		Dest MAC: a0:7f:8a:2f:ab:cf
		Source MAC: 34:c9:3d:d:55:9d
		Type: IPv6

	IP Header
		IP PDU Len: 29142
		Header Len (bytes): 0
		TTL: 38
		Protocol: Unknown
		Checksum: Incorrect (0x6c52)
		Sender IP: 125.240.137.160
		Dest IP: 173.18.185.215

Packet number: 187  Packet Len: 1294

	Ethernet Header
		Dest MAC: a0:7f:8a:2f:ab:cf
		Source MAC: 34:c9:3d:d:55:9d
		Type: IPv6

	IP Header
		IP PDU Len: 29142
		Header Len (bytes): 0
		TTL: 38
		Protocol: Unknown
		Checksum: Incorrect (0x6c52)
		Sender IP: 125.240.137.160
		Dest IP: 173.18.185.215

Packet number: 188  Packet Len: 269

	Ethernet Header
		Dest MAC: a0:7f:8a:2f:ab:cf
		Source MAC: 34:c9:3d:d:55:9d
		Type: IPv6

	IP Header
		IP PDU Len: 29142
		Header Len (bytes): 0
		TTL: 38
		Protocol: Unknown
		Checksum: Incorrect (0x6c52)
		Sender IP: 125.240.137.160
		Dest IP: 173.18.185.215

Packet number: 189  Packet Len: 105

	Ethernet Header
		Dest MAC: 34:c9:3d:d:55:9d
		Source MAC: a0:7f:8a:2f:ab:cf
		Type: IPv6

	IP Header
		IP PDU Len: 0
		Header Len (bytes): 0
		TTL: 38
		Protocol: Unknown
		Checksum: Incorrect (0xf8b0)
		Sender IP: 64.7.8.24
		Dest IP: 0.0.0.0

Packet number: 190  Packet Len: 1294

	Ethernet Header
		Dest MAC: 34:c9:3d:d:55:9d
		Source MAC: a0:7f:8a:2f:ab:cf
		Type: IPv6

	IP Header
		IP PDU Len: 0
		Header Len (bytes): 0
		TTL: 38
		Protocol: Unknown
		Checksum: Incorrect (0xf8b0)
		Sender IP: 64.7.8.24
		Dest IP: 0.0.0.0

Packet number: 191  Packet Len: 1294

	Ethernet Header
		Dest MAC: 34:c9:3d:d:55:9d
		Source MAC: a0:7f:8a:2f:ab:cf
		Type: IPv6

	IP Header
		IP PDU Len: 0
		Header Len (bytes): 0
		TTL: 38
		Protocol: Unknown
		Checksum: Incorrect (0xf8b0)
		Sender IP: 64.7.8.24
		Dest IP: 0.0.0.0

Packet number: 192  Packet Len: 375

	Ethernet Header
		Dest MAC: 34:c9:3d:d:55:9d
		Source MAC: a0:7f:8a:2f:ab:cf
		Type: IPv6

	IP Header
		IP PDU Len: 0
		Header Len (bytes): 0
		TTL: 38
		Protocol: Unknown
		Checksum: Incorrect (0xf8b0)
		Sender IP: 64.7.8.24
		Dest IP: 0.0.0.0

Packet number: 193  Packet Len: 679

	Ethernet Header
		Dest MAC: 34:c9:3d:d:55:9d
		Source MAC: a0:7f:8a:2f:ab:cf
		Type: IPv6

	IP Header
		IP PDU Len: 0
		Header Len (bytes): 0
		TTL: 38
		Protocol: Unknown
		Checksum: Incorrect (0xf8b0)
		Sender IP: 64.7.8.24
		Dest IP: 0.0.0.0

Packet number: 194  Packet Len: 90

	Ethernet Header
		Dest MAC: 34:c9:3d:d:55:9d
		Source MAC: a0:7f:8a:2f:ab:cf
		Type: IPv6

	IP Header
		IP PDU Len: 0
		Header Len (bytes): 0
		TTL: 38
		Protocol: Unknown
		Checksum: Incorrect (0xf8b0)
		Sender IP: 64.7.8.24
		Dest IP: 0.0.0.0

Packet number: 195  Packet Len: 175

	Ethernet Header
		Dest MAC: a0:7f:8a:2f:ab:cf
		Source MAC: 34:c9:3d:d:55:9d
		Type: IPv6

	IP Header
		IP PDU Len: 29142
		Header Len (bytes): 0
		TTL: 38
		Protocol: Unknown
		Checksum: Incorrect (0x6c52)
		Sender IP: 125.240.137.160
		Dest IP: 173.18.185.215

Packet number: 196  Packet Len: 106

	Ethernet Header
		Dest MAC: 34:c9:3d:d:55:9d
		Source MAC: a0:7f:8a:2f:ab:cf
		Type: IPv6

	IP Header
		IP PDU Len: 0
		Header Len (bytes): 0
		TTL: 38
		Protocol: Unknown
		Checksum: Incorrect (0xf8b0)
		Sender IP: 64.7.8.24
		Dest IP: 0.0.0.0

Packet number: 197  Packet Len: 86

	Ethernet Header
		Dest MAC: 34:c9:3d:d:55:9d
		Source MAC: a0:7f:8a:2f:ab:cf
		Type: IPv6

	IP Header
		IP PDU Len: 0
		Header Len (bytes): 0
		TTL: 38
		Protocol: Unknown
		Checksum: Incorrect (0xf8b0)
		Sender IP: 64.7.8.24
		Dest IP: 0.0.0.0

Packet number: 198  Packet Len: 93

	Ethernet Header
		Dest MAC: a0:7f:8a:2f:ab:cf
		Source MAC: 34:c9:3d:d:55:9d
		Type: IPv6

	IP Header
		IP PDU Len: 29142
		Header Len (bytes): 0
		TTL: 38
		Protocol: Unknown
		Checksum: Incorrect (0x6c52)
		Sender IP: 125.240.137.160
		Dest IP: 173.18.185.215

Packet number: 199  Packet Len: 185

	Ethernet Header
		Dest MAC: 34:c9:3d:d:55:9d
		Source MAC: a0:7f:8a:2f:ab:cf
		Type: IPv6

	IP Header
		IP PDU Len: 0
		Header Len (bytes): 0
		TTL: 38
		Protocol: Unknown
		Checksum: Incorrect (0xf8b0)
		Sender IP: 64.7.8.24
		Dest IP: 0.0.0.0

Packet number: 200  Packet Len: 317

	Ethernet Header
		Dest MAC: 34:c9:3d:d:55:9d
		Source MAC: a0:7f:8a:2f:ab:cf
		Type: IPv6

	IP Header
		IP PDU Len: 0
		Header Len (bytes): 0
		TTL: 38
		Protocol: Unknown
		Checksum: Incorrect (0xf8b0)
		Sender IP: 64.7.8.24
		Dest IP: 0.0.0.0

Packet number: 201  Packet Len: 98

	Ethernet Header
		Dest MAC: a0:7f:8a:2f:ab:cf
		Source MAC: 34:c9:3d:d:55:9d
		Type: IPv6

	IP Header
		IP PDU Len: 29142
		Header Len (bytes): 0
		TTL: 38
		Protocol: Unknown
		Checksum: Incorrect (0x6c52)
		Sender IP: 125.240.137.160
		Dest IP: 173.18.185.215

Packet number: 202  Packet Len: 1294

	Ethernet Header
		Dest MAC: a0:7f:8a:2f:ab:cf
		Source MAC: 34:c9:3d:d:55:9d
		Type: IPv6

	IP Header
		IP PDU Len: 34941
		Header Len (bytes): 0
		TTL: 38
		Protocol: Unknown
		Checksum: Incorrect (0x6c52)
		Sender IP: 125.240.137.160
		Dest IP: 173.18.185.215

Packet number: 203  Packet Len: 1294

	Ethernet Header
		Dest MAC: a0:7f:8a:2f:ab:cf
		Source MAC: 34:c9:3d:d:55:9d
		Type: IPv6

	IP Header
		IP PDU Len: 34941
		Header Len (bytes): 0
		TTL: 38
		Protocol: Unknown
		Checksum: Incorrect (0x6c52)
		Sender IP: 125.240.137.160
		Dest IP: 173.18.185.215

Packet number: 204  Packet Len: 139

	Ethernet Header
		Dest MAC: a0:7f:8a:2f:ab:cf
		Source MAC: 34:c9:3d:d:55:9d
		Type: IPv6

	IP Header
		IP PDU Len: 34941
		Header Len (bytes): 0
		TTL: 38
		Protocol: Unknown
		Checksum: Incorrect (0x6c52)
		Sender IP: 125.240.137.160
		Dest IP: 173.18.185.215

Packet number: 205  Packet Len: 88

	Ethernet Header
		Dest MAC: 34:c9:3d:d:55:9d
		Source MAC: a0:7f:8a:2f:ab:cf
		Type: IPv6

	IP Header
		IP PDU Len: 0
		Header Len (bytes): 0
		TTL: 38
		Protocol: Unknown
		Checksum: Incorrect (0xf8b0)
		Sender IP: 64.7.8.24
		Dest IP: 0.0.0.0

Packet number: 206  Packet Len: 89

	Ethernet Header
		Dest MAC: 34:c9:3d:d:55:9d
		Source MAC: a0:7f:8a:2f:ab:cf
		Type: IPv6

	IP Header
		IP PDU Len: 0
		Header Len (bytes): 0
		TTL: 38
		Protocol: Unknown
		Checksum: Incorrect (0xf8b0)
		Sender IP: 64.7.8.24
		Dest IP: 0.0.0.0

Packet number: 207  Packet Len: 93

	Ethernet Header
		Dest MAC: 34:c9:3d:d:55:9d
		Source MAC: a0:7f:8a:2f:ab:cf
		Type: IPv6

	IP Header
		IP PDU Len: 0
		Header Len (bytes): 0
		TTL: 38
		Protocol: Unknown
		Checksum: Incorrect (0xf8b0)
		Sender IP: 64.7.8.24
		Dest IP: 0.0.0.0

Packet number: 208  Packet Len: 93

	Ethernet Header
		Dest MAC: a0:7f:8a:2f:ab:cf
		Source MAC: 34:c9:3d:d:55:9d
		Type: IPv6

	IP Header
		IP PDU Len: 34941
		Header Len (bytes): 0
		TTL: 38
		Protocol: Unknown
		Checksum: Incorrect (0x6c52)
		Sender IP: 125.240.137.160
		Dest IP: 173.18.185.215

Packet number: 209  Packet Len: 1187

	Ethernet Header
		Dest MAC: 34:c9:3d:d:55:9d
		Source MAC: a0:7f:8a:2f:ab:cf
		Type: IPv6

	IP Header
		IP PDU Len: 0
		Header Len (bytes): 0
		TTL: 38
		Protocol: Unknown
		Checksum: Incorrect (0xf8b0)
		Sender IP: 64.7.8.24
		Dest IP: 0.0.0.0

Packet number: 210  Packet Len: 86

	Ethernet Header
		Dest MAC: 34:c9:3d:d:55:9d
		Source MAC: a0:7f:8a:2f:ab:cf
		Type: IPv6

	IP Header
		IP PDU Len: 0
		Header Len (bytes): 0
		TTL: 38
		Protocol: Unknown
		Checksum: Incorrect (0xf8b0)
		Sender IP: 64.7.8.24
		Dest IP: 0.0.0.0

Packet number: 211  Packet Len: 98

	Ethernet Header
		Dest MAC: a0:7f:8a:2f:ab:cf
		Source MAC: 34:c9:3d:d:55:9d
		Type: IPv6

	IP Header
		IP PDU Len: 34941
		Header Len (bytes): 0
		TTL: 38
		Protocol: Unknown
		Checksum: Incorrect (0x6c52)
		Sender IP: 125.240.137.160
		Dest IP: 173.18.185.215

Packet number: 212  Packet Len: 89

	Ethernet Header
		Dest MAC: 34:c9:3d:d:55:9d
		Source MAC: a0:7f:8a:2f:ab:cf
		Type: IPv6

	IP Header
		IP PDU Len: 0
		Header Len (bytes): 0
		TTL: 38
		Protocol: Unknown
		Checksum: Incorrect (0xf8b0)
		Sender IP: 64.7.8.24
		Dest IP: 0.0.0.0
